Traceback (most recent call last):
  File "C:\Users\simho\Downloads\BusTech\GoAssist\cad\RobobusPrint\RobobusPrint.py", line 88, in run
    for n,x in [('busLength',600),('busWidth',180),('busHeight',220),('wall',3),('floor',4),('matingClearance',.3),('doorWidth',160),('doorHeight',160),('threshold',40)]:design.userParameters.add(n,adsk.core.ValueInput.createByString(str(x)+' mm'),'mm','Design benchmark; base-feature geometry is rebuilt by RobobusPrint.py')
                                                                                                                                                                          ~~~~~~~~~~~~~~~~~~~~~~~~~^^^^^^^^^^^^^^^^^^^^^^^^^^^^^^^^^^^^^^^^^^^^^^^^^^^^^^^^^^^^^^^^^^^^^^^^^^^^^^^^^^^^^^^^^^^^^^^^^^^^^^^^^^^^^^^^^^^^^^^^^^^^^^^^^^
  File "C:\Users/simho/appdata/local/autodesk/webdeploy/production/c657666a51cec7a9bbd042e10872bcd9532508a8/Api/Python/packages\adsk\fusion.py", line 80956, in add
    return _fusion.UserParameters_add(self, name, value, units, comment)
           ~~~~~~~~~~~~~~~~~~~~~~~~~~^^^^^^^^^^^^^^^^^^^^^^^^^^^^^^^^^^^
RuntimeError: 3 : param name is not valid

PART 01_body_rear
PART 04_roof_rear
PART 02_body_centre
PART 05_roof_centre
PART 03_body_front
PART 06_roof_front
PART 07_join_key
PART 08_key_retaining_pin
PART 09_roof_sliding_latch
PART 10_static_wheel
PART 11_wheel_axle
PART 12_breadboard_tray
PART 13_electronics_tray
PART 14_tray_adjustable_retainer
PART 15_L1_yoke
PART 16_L2_yoke
PART 17_L3_yoke
PART 18_laser_split_carrier_12p6
PART 19_laser_taper_collar
PART 20_laser_pivot_pin
PART 21_mount_foot_pin
PART 22_camera_mast
PART 23_camera_forward_rail
PART 24_camera_platform
PART 25_camera_sliding_jaw
PART 26_camera_index_pin
PART 27_ToF_removable_bar
PART 28_ToF_retaining_cap
PART 29_ramp_inner
PART 30_ramp_outer
PART 31_ramp_root_pin
PART 32_ramp_fold_pin
PART 33_ramp_stow_latch
PART C01_joint_0p2
PART C01_joint_0p3
PART C01_joint_0p4
PART C02_laser_bore_12
PART C02_laser_bore_12p2
PART C02_laser_bore_12p4
PART C02_laser_bore_12p6
PART C02_laser_bore_12p8
PART C03_roof_latch_channel
PART C04_hinge_bore_4p6
PART C05_short_hinge_pin
COMPLETE 44 unique printable parts; native exports saved
PART 01_body_rear
PART 04_roof_rear
PART 02_body_centre
PART 05_roof_centre
PART 03_body_front
PART 06_roof_front
PART 07_join_key
PART 08_key_retaining_pin
PART 09_roof_sliding_latch
PART 10_static_wheel
PART 11_wheel_axle
PART 12_breadboard_tray
PART 13_electronics_tray
PART 14_tray_adjustable_retainer
PART 15_L1_yoke
PART 16_L2_yoke
PART 17_L3_yoke
PART 18_laser_split_carrier_12p6
PART 19_laser_taper_collar
PART 20_laser_pivot_pin
PART 21_mount_foot_pin
PART 22_camera_mast
PART 23_camera_forward_rail
PART 24_camera_platform
PART 25_camera_sliding_jaw
PART 26_camera_index_pin
PART 27_ToF_removable_bar
PART 28_ToF_retaining_cap
PART 29_ramp_inner
PART 30_ramp_outer
PART 31_ramp_root_pin
PART 32_ramp_fold_pin
PART 33_ramp_stow_latch
PART C01_joint_0p2
PART C01_joint_0p3
PART C01_joint_0p4
PART C02_laser_bore_12
PART C02_laser_bore_12p2
PART C02_laser_bore_12p4
PART C02_laser_bore_12p6
PART C02_laser_bore_12p8
PART C03_roof_latch_channel
PART C04_hinge_bore_4p6
PART C05_short_hinge_pin
COMPLETE 44 unique printable parts; native exports saved
AUDIT 59 static intersections; inspect assembly_audit.json
PART 01_body_rear
PART 04_roof_rear
PART 02_body_centre
PART 05_roof_centre
PART 03_body_front
PART 06_roof_front
PART 07_join_key
PART 08_key_retaining_pin
PART 09_roof_sliding_latch
PART 10_static_wheel
PART 11_wheel_axle
PART 12_breadboard_tray
PART 13_electronics_tray
PART 14_tray_adjustable_retainer
PART 15_L1_yoke
PART 16_L2_yoke
PART 17_L3_yoke
PART 18_laser_split_carrier_12p6
PART 19_laser_taper_collar
PART 20_laser_pivot_pin
PART 21_mount_foot_pin
PART 22_camera_mast
PART 23_camera_forward_rail
PART 24_camera_platform
PART 25_camera_sliding_jaw
PART 26_camera_index_pin
PART 27_ToF_removable_bar
PART 28_ToF_retaining_cap
PART 29_ramp_inner
PART 30_ramp_outer
PART 31_ramp_root_pin
PART 32_ramp_fold_pin
PART 33_ramp_stow_latch
PART C01_joint_0p2
PART C01_joint_0p3
PART C01_joint_0p4
PART C02_laser_bore_12
PART C02_laser_bore_12p2
PART C02_laser_bore_12p4
PART C02_laser_bore_12p6
PART C02_laser_bore_12p8
PART C03_roof_latch_channel
PART C04_hinge_bore_4p6
PART C05_short_hinge_pin
COMPLETE 44 unique printable parts; native exports saved
AUDIT 4 static intersections; inspect assembly_audit.json
PART 01_body_rear
PART 04_roof_rear
PART 02_body_centre
PART 05_roof_centre
PART 03_body_front
PART 06_roof_front
PART 07_join_key
PART 08_key_retaining_pin
PART 09_roof_sliding_latch
PART 10_static_wheel
PART 11_wheel_axle
PART 12_breadboard_tray
PART 13_electronics_tray
PART 14_tray_adjustable_retainer
PART 15_L1_yoke
PART 16_L2_yoke
PART 17_L3_yoke
PART 18_laser_split_carrier_12p6
PART 19_laser_taper_collar
PART 20_laser_pivot_pin
PART 21_mount_foot_pin
PART 22_camera_mast
PART 23_camera_forward_rail
PART 24_camera_platform
PART 25_camera_sliding_jaw
PART 26_camera_index_pin
PART 27_ToF_removable_bar
PART 28_ToF_retaining_cap
PART 29_ramp_inner
PART 30_ramp_outer
PART 31_ramp_root_pin
PART 32_ramp_fold_pin
PART 33_ramp_stow_latch
PART C01_joint_0p2
PART C01_joint_0p3
PART C01_joint_0p4
PART C02_laser_bore_12
PART C02_laser_bore_12p2
PART C02_laser_bore_12p4
PART C02_laser_bore_12p6
PART C02_laser_bore_12p8
PART C03_roof_latch_channel
PART C04_hinge_bore_4p6
PART C05_short_hinge_pin
COMPLETE 44 unique printable parts; native exports saved
AUDIT 3 static intersections; inspect assembly_audit.json
PART 01_body_rear
PART 04_roof_rear
PART 02_body_centre
PART 05_roof_centre
PART 03_body_front
PART 06_roof_front
PART 07_join_key
PART 08_key_retaining_pin
PART 09_roof_sliding_latch
PART 10_static_wheel
PART 11_wheel_axle
PART 12_breadboard_tray
PART 13_electronics_tray
PART 14_tray_adjustable_retainer
PART 15_L1_yoke
PART 16_L2_yoke
PART 17_L3_yoke
PART 18_laser_split_carrier_12p6
PART 19_laser_taper_collar
PART 20_laser_pivot_pin
PART 21_mount_foot_pin
PART 22_camera_mast
PART 23_camera_forward_rail
PART 24_camera_platform
PART 25_camera_sliding_jaw
PART 26_camera_index_pin
PART 27_ToF_removable_bar
PART 28_ToF_retaining_cap
PART 29_ramp_inner
PART 30_ramp_outer
PART 31_ramp_root_pin
PART 32_ramp_fold_pin
PART 33_ramp_stow_latch
PART C01_joint_0p2
PART C01_joint_0p3
PART C01_joint_0p4
PART C02_laser_bore_12
PART C02_laser_bore_12p2
PART C02_laser_bore_12p4
PART C02_laser_bore_12p6
PART C02_laser_bore_12p8
PART C03_roof_latch_channel
PART C04_hinge_bore_4p6
PART C05_short_hinge_pin
COMPLETE 44 unique printable parts; native exports saved
AUDIT 3 static intersections; inspect assembly_audit.json
PART 01_body_rear
PART 04_roof_rear
PART 02_body_centre
PART 05_roof_centre
PART 03_body_front
PART 06_roof_front
PART 07_join_key
PART 08_key_retaining_pin
PART 09_roof_sliding_latch
PART 10_static_wheel
PART 11_wheel_axle
PART 12_breadboard_tray
PART 13_electronics_tray
PART 14_tray_adjustable_retainer
PART 15_L1_yoke
PART 16_L2_yoke
PART 17_L3_yoke
PART 18_laser_split_carrier_12p6
PART 19_laser_taper_collar
PART 20_laser_pivot_pin
PART 21_mount_foot_pin
PART 22_camera_mast
PART 23_camera_forward_rail
PART 24_camera_platform
PART 25_camera_sliding_jaw
PART 26_camera_index_pin
PART 27_ToF_removable_bar
PART 28_ToF_retaining_cap
PART 29_ramp_inner
PART 30_ramp_outer
PART 31_ramp_root_pin
PART 32_ramp_fold_pin
PART 33_ramp_stow_latch
PART C01_joint_0p2
PART C01_joint_0p3
PART C01_joint_0p4
PART C02_laser_bore_12
PART C02_laser_bore_12p2
PART C02_laser_bore_12p4
PART C02_laser_bore_12p6
PART C02_laser_bore_12p8
PART C03_roof_latch_channel
PART C04_hinge_bore_4p6
PART C05_short_hinge_pin
COMPLETE 44 unique printable parts; native exports saved
AUDIT 3 static intersections; inspect assembly_audit.json
PART 01_body_rear
PART 04_roof_rear
PART 02_body_centre
PART 05_roof_centre
PART 03_body_front
PART 06_roof_front
PART 07_join_key
PART 08_key_retaining_pin
PART 09_roof_sliding_latch
PART 10_static_wheel
PART 11_wheel_axle
PART 12_breadboard_tray
PART 13_electronics_tray
PART 14_tray_adjustable_retainer
PART 15_L1_yoke
PART 16_L2_yoke
PART 17_L3_yoke
PART 18_laser_split_carrier_12p6
PART 19_laser_taper_collar
PART 20_laser_pivot_pin
PART 21_mount_foot_pin
PART 22_camera_mast
PART 23_camera_forward_rail
PART 24_camera_platform
PART 25_camera_sliding_jaw
PART 26_camera_index_pin
PART 27_ToF_removable_bar
PART 28_ToF_retaining_cap
PART 29_ramp_inner
PART 30_ramp_outer
PART 31_ramp_root_pin
PART 32_ramp_fold_pin
PART 33_ramp_stow_latch
PART C01_joint_0p2
PART C01_joint_0p3
PART C01_joint_0p4
PART C02_laser_bore_12
PART C02_laser_bore_12p2
PART C02_laser_bore_12p4
PART C02_laser_bore_12p6
PART C02_laser_bore_12p8
PART C03_roof_latch_channel
PART C04_hinge_bore_4p6
PART C05_short_hinge_pin
COMPLETE 44 unique printable parts; native exports saved
AUDIT 3 static intersections; inspect assembly_audit.json
PART 01_body_rear
PART 04_roof_rear
PART 02_body_centre
PART 05_roof_centre
PART 03_body_front
PART 06_roof_front
PART 07_join_key
PART 08_key_retaining_pin
PART 09_roof_sliding_latch
PART 10_static_wheel
PART 11_wheel_axle
PART 12_breadboard_tray
PART 13_electronics_tray
PART 14_tray_adjustable_retainer
PART 15_L1_yoke
PART 16_L2_yoke
PART 17_L3_yoke
PART 18_laser_split_carrier_12p6
PART 19_laser_taper_collar
PART 20_laser_pivot_pin
PART 21_mount_foot_pin
PART 22_camera_mast
PART 23_camera_forward_rail
PART 24_camera_platform
PART 25_camera_sliding_jaw
PART 26_camera_index_pin
PART 27_ToF_removable_bar
PART 28_ToF_retaining_cap
PART 29_ramp_inner
PART 30_ramp_outer
PART 31_ramp_root_pin
PART 32_ramp_fold_pin
PART 33_ramp_stow_latch
PART C01_joint_0p2
PART C01_joint_0p3
PART C01_joint_0p4
PART C02_laser_bore_12
PART C02_laser_bore_12p2
PART C02_laser_bore_12p4
PART C02_laser_bore_12p6
PART C02_laser_bore_12p8
PART C03_roof_latch_channel
PART C04_hinge_bore_4p6
PART C05_short_hinge_pin
COMPLETE 44 unique printable parts; native exports saved
AUDIT 3 static intersections; inspect assembly_audit.json
PART 01_body_rear
PART 04_roof_rear
PART 02_body_centre
PART 05_roof_centre
PART 03_body_front
PART 06_roof_front
PART 07_join_key
PART 08_key_retaining_pin
PART 09_roof_sliding_latch
PART 10_static_wheel
PART 11_wheel_axle
PART 12_breadboard_tray
PART 13_electronics_tray
PART 14_tray_adjustable_retainer
PART 15_L1_yoke
PART 16_L2_yoke
PART 17_L3_yoke
PART 18_laser_split_carrier_12p6
PART 19_laser_taper_collar
PART 20_laser_pivot_pin
PART 21_mount_foot_pin
PART 22_camera_mast
PART 23_camera_forward_rail
PART 24_camera_platform
PART 25_camera_sliding_jaw
PART 26_camera_index_pin
PART 27_ToF_removable_bar
PART 28_ToF_retaining_cap
PART 29_ramp_inner
PART 30_ramp_outer
PART 31_ramp_root_pin
PART 32_ramp_fold_pin
PART 33_ramp_stow_latch
PART C01_joint_0p2
PART C01_joint_0p3
PART C01_joint_0p4
PART C02_laser_bore_12
PART C02_laser_bore_12p2
PART C02_laser_bore_12p4
PART C02_laser_bore_12p6
PART C02_laser_bore_12p8
PART C03_roof_latch_channel
PART C04_hinge_bore_4p6
PART C05_short_hinge_pin
COMPLETE 44 unique printable parts; native exports saved
AUDIT 3 static intersections; inspect assembly_audit.json
