PART 01_body_rear
PART 03_roof_rear
PART 02_body_front
PART 04_roof_front
PART 05_join_key
PART 06_roof_clip
PART 07_fixed_sensor_header
PART 08_static_wheel
PART 09_wheel_pin
PART 10_breadboard_tray
PART 11_controller_tray
PART 12_tray_retainer
PART 15_L1_yoke
PART 16_L2_yoke
PART 17_L3_yoke
PART 18_laser_carrier
PART 19_laser_collar
PART 20_pivot_pin
PART 21_pivot_wedge
PART 22_mount_pin
PART 23_camera_mast_rail
PART 24_camera_platform
PART 25_camera_jaw
PART 26_camera_index_pin
PART 27_ToF_bar
PART 28_ToF_cap
PART 29_ToF_jamb_clip
PART C01_key_0p2
PART C01_key_0p3
PART C01_key_0p4
PART C02_bore_12
PART C02_bore_12p2
PART C02_bore_12p4
PART C02_bore_12p6
PART C02_bore_12p8
PART C03_pivot_fit
PART C04_angle_gauge
EXPORT COMPLETE 37 unique parts
AUDIT 16 static; 0 motion/envelope failures
PART 01_body_rear
PART 03_roof_rear
PART 02_body_front
PART 04_roof_front
PART 05_join_key
PART 06_roof_clip
PART 07_fixed_sensor_header
PART 08_static_wheel
PART 09_wheel_pin
PART 10_breadboard_tray
PART 11_controller_tray
PART 12_tray_retainer
PART 15_L1_yoke
PART 16_L2_yoke
PART 17_L3_yoke
PART 13_laser_pivot_adapter
PART 18_laser_carrier
PART 19_laser_collar
PART 20_pivot_pin
PART 21_pivot_wedge
PART 22_mount_pin
PART 23_camera_mast_rail
PART 24_camera_platform
PART 25_camera_jaw
PART 26_camera_index_pin
PART 27_ToF_bar
PART 28_ToF_cap
PART 29_ToF_jamb_clip
PART C01_key_0p2
PART C01_key_0p3
PART C01_key_0p4
PART C02_bore_12
PART C02_bore_12p2
PART C02_bore_12p4
PART C02_bore_12p6
PART C02_bore_12p8
PART C03_pivot_fit
PART C04_angle_gauge
EXPORT COMPLETE 38 unique parts
AUDIT 6 static; 0 motion/envelope failures
PART 01_body_rear
PART 03_roof_rear
PART 02_body_front
PART 04_roof_front
PART 05_join_key
PART 06_roof_clip
PART 07_fixed_sensor_header
PART 08_static_wheel
PART 09_wheel_pin
PART 10_breadboard_tray
PART 11_controller_tray
PART 12_tray_retainer
PART 15_L1_yoke
PART 16_L2_yoke
PART 17_L3_yoke
PART 13_laser_pivot_adapter
PART 18_laser_carrier
PART 19_laser_collar
PART 20_pivot_pin
PART 21_pivot_wedge
PART 22_mount_pin
PART 23_camera_mast_rail
PART 24_camera_platform
PART 25_camera_jaw
PART 26_camera_index_pin
PART 27_ToF_bar
PART 28_ToF_cap
PART 29_ToF_jamb_clip
PART C01_key_0p2
PART C01_key_0p3
PART C01_key_0p4
PART C02_bore_12
PART C02_bore_12p2
PART C02_bore_12p4
PART C02_bore_12p6
PART C02_bore_12p8
PART C03_pivot_fit
PART C04_angle_gauge
EXPORT COMPLETE 38 unique parts
AUDIT 3 static; 0 motion/envelope failures
PART 01_body_rear
PART 03_roof_rear
PART 02_body_front
PART 04_roof_front
PART 05_join_key
PART 06_roof_clip
PART 07_fixed_sensor_header
PART 08_static_wheel
PART 09_wheel_pin
PART 10_breadboard_tray
PART 11_controller_tray
PART 12_tray_retainer
PART 15_L1_yoke
PART 16_L2_yoke
PART 17_L3_yoke
PART 13_laser_pivot_adapter
PART 18_laser_carrier
PART 19_laser_collar
PART 20_pivot_pin
PART 21_pivot_wedge
PART 22_mount_pin
PART 23_camera_mast_rail
PART 24_camera_platform
PART 25_camera_jaw
PART 26_camera_index_pin
PART 27_ToF_bar
PART 28_ToF_cap
PART 29_ToF_jamb_clip
PART C01_key_0p2
PART C01_key_0p3
PART C01_key_0p4
PART C02_bore_12
PART C02_bore_12p2
PART C02_bore_12p4
PART C02_bore_12p6
PART C02_bore_12p8
PART C03_pivot_fit
PART C04_angle_gauge
EXPORT COMPLETE 38 unique parts
AUDIT 3 static; 0 motion/envelope failures
PART 01_body_rear
PART 03_roof_rear
PART 02_body_front
PART 04_roof_front
PART 05_join_key
PART 06_roof_clip
PART 07_fixed_sensor_header
PART 08_static_wheel
PART 09_wheel_pin
PART 10_breadboard_tray
PART 11_controller_tray
PART 12_tray_retainer
PART 15_L1_yoke
PART 16_L2_yoke
PART 17_L3_yoke
PART 13_laser_pivot_adapter
PART 18_laser_carrier
PART 19_laser_collar
PART 20_pivot_pin
PART 21_pivot_wedge
PART 22_mount_pin
PART 23_camera_mast_rail
PART 24_camera_platform
PART 25_camera_jaw
PART 26_camera_index_pin
PART 27_ToF_bar
PART 28_ToF_cap
PART 29_ToF_jamb_clip
PART C01_key_0p2
PART C01_key_0p3
PART C01_key_0p4
PART C02_bore_12
PART C02_bore_12p2
PART C02_bore_12p4
PART C02_bore_12p6
PART C02_bore_12p8
PART C03_pivot_fit
PART C04_angle_gauge
EXPORT COMPLETE 38 unique parts
AUDIT 3 static; 0 motion/envelope failures
